--------------------------------------------------------------------------------
Release 10.1.03 Trace  (lin)
Copyright (c) 1995-2008 Xilinx, Inc.  All rights reserved.

/software/ISE_WEBPACK_10.1/ISE/bin/lin/unwrapped/trce -ise
/home/derek/pci-eth-fpga/digilent2dragon/ten2four/ten2four.ise -intstyle ise -v
3 -s 5 -xml ten2four ten2four.ncd -o ten2four.twr ten2four.pcf -ucf
ten2four.ucf

Design file:              ten2four.ncd
Physical constraint file: ten2four.pcf
Device,package,speed:     xc2s100,tq144,-5 (PRODUCTION 1.27 2008-01-09)
Report level:             verbose report

Environment Variable      Effect 
--------------------      ------ 
NONE                      No environment variables were set
--------------------------------------------------------------------------------

INFO:Timing:2698 - No timing constraints found, doing default enumeration.
INFO:Timing:2752 - To get complete path coverage, use the unconstrained paths 
   option. All paths that are not constrained will be reported in the 
   unconstrained paths section(s) of the report.
INFO:Timing:3339 - The clock-to-out numbers in this timing report are based on 
   a 50 Ohm transmission line loading model.  For the details of this model, 
   and for more information on accounting for different loading conditions, 
   please see the device datasheet.



Data Sheet report:
-----------------
All values displayed in nanoseconds (ns)

Pad to Pad
---------------+---------------+---------+
Source Pad     |Destination Pad|  Delay  |
---------------+---------------+---------+
indata<0>      |outdata<0>     |   12.982|
indata<0>      |outdata<1>     |   12.880|
indata<0>      |outdata<2>     |   14.577|
indata<0>      |outdata<3>     |   16.063|
indata<1>      |outdata<0>     |   12.525|
indata<1>      |outdata<1>     |   12.326|
indata<1>      |outdata<2>     |   14.173|
indata<1>      |outdata<3>     |   13.842|
indata<2>      |outdata<0>     |   12.068|
indata<2>      |outdata<1>     |   12.134|
indata<2>      |outdata<2>     |   13.861|
indata<2>      |outdata<3>     |   13.741|
indata<3>      |outdata<0>     |   12.409|
indata<3>      |outdata<1>     |   12.369|
indata<3>      |outdata<2>     |   13.833|
indata<3>      |outdata<3>     |   15.497|
indata<4>      |outdata<0>     |   11.222|
indata<4>      |outdata<1>     |   12.329|
indata<4>      |outdata<2>     |   13.405|
indata<4>      |outdata<3>     |   15.505|
indata<5>      |outdata<0>     |    9.771|
indata<5>      |outdata<1>     |   12.127|
indata<5>      |outdata<2>     |   12.650|
indata<5>      |outdata<3>     |   13.222|
indata<6>      |outdata<0>     |   11.248|
indata<6>      |outdata<1>     |   12.628|
indata<6>      |outdata<2>     |   13.887|
indata<6>      |outdata<3>     |   15.987|
indata<7>      |outdata<0>     |    9.932|
indata<7>      |outdata<1>     |   12.462|
indata<7>      |outdata<2>     |   11.086|
indata<7>      |outdata<3>     |   11.353|
indata<8>      |outdata<0>     |   11.415|
indata<8>      |outdata<1>     |   12.043|
indata<8>      |outdata<2>     |   11.824|
indata<8>      |outdata<3>     |   11.292|
indata<9>      |outdata<0>     |    9.556|
indata<9>      |outdata<1>     |   11.492|
indata<9>      |outdata<2>     |   11.279|
indata<9>      |outdata<3>     |   11.036|
---------------+---------------+---------+


Analysis completed Wed Aug 28 13:18:43 2013 
--------------------------------------------------------------------------------

Trace Settings:
-------------------------
Trace Settings 

Peak Memory Usage: 58 MB



