Asterisk (*) preceding a constraint indicates it was not met.
   This may be due to a setup or hold violation.

------------------------------------------------------------------------------------------------------
  Constraint                                |  Check  | Worst Case |  Best Case | Timing |   Timing   
                                            |         |    Slack   | Achievable | Errors |    Score   
------------------------------------------------------------------------------------------------------
* COMP "PCI_STOPn" OFFSET = OUT 11 ns AFTER | MAXDELAY|    -1.593ns|    12.593ns|       1|        1593
   COMP "PCI_CLK"                           |         |            |            |        |            
------------------------------------------------------------------------------------------------------
* COMP "PCI_DEVSELn" OFFSET = OUT 11 ns AFT | MAXDELAY|    -1.111ns|    12.111ns|       1|        1111
  ER COMP "PCI_CLK"                         |         |            |            |        |            
------------------------------------------------------------------------------------------------------
* COMP "PCI_TRDYn" OFFSET = OUT 11 ns AFTER | MAXDELAY|    -1.059ns|    12.059ns|       1|        1059
   COMP "PCI_CLK"                           |         |            |            |        |            
------------------------------------------------------------------------------------------------------
* TIMEGRP "PCI_AD_GRP" OFFSET = IN 7 ns BEF | SETUP   |    -0.199ns|     7.199ns|       3|         336
  ORE COMP "PCI_CLK"                        |         |            |            |        |            
------------------------------------------------------------------------------------------------------
  TIMEGRP "PCI_CBE_GRP" OFFSET = IN 7 ns BE | SETUP   |     0.374ns|     6.626ns|       0|           0
  FORE COMP "PCI_CLK"                       |         |            |            |        |            
------------------------------------------------------------------------------------------------------
  COMP "PCI_IRDYn" OFFSET = IN 7 ns BEFORE  | SETUP   |     0.995ns|     6.005ns|       0|           0
  COMP "PCI_CLK"                            |         |            |            |        |            
------------------------------------------------------------------------------------------------------
  COMP "PCI_IDSEL" OFFSET = IN 7 ns BEFORE  | SETUP   |     1.532ns|     5.468ns|       0|           0
  COMP "PCI_CLK"                            |         |            |            |        |            
------------------------------------------------------------------------------------------------------
  COMP "PCI_FRAMEn" OFFSET = IN 7 ns BEFORE | SETUP   |     1.769ns|     5.231ns|       0|           0
   COMP "PCI_CLK"                           |         |            |            |        |            
------------------------------------------------------------------------------------------------------
  TS_PCI_CLK = PERIOD TIMEGRP "PCI_CLK" 30  | SETUP   |    19.946ns|    10.054ns|       0|           0
  ns HIGH 50%                               | HOLD    |     2.536ns|            |       0|           0
------------------------------------------------------------------------------------------------------
  TIMEGRP "PCI_AD_GRP" OFFSET = OUT 41 ns A | MAXDELAY|    20.533ns|    20.467ns|       0|           0
  FTER COMP "PCI_CLK"                       |         |            |            |        |            
------------------------------------------------------------------------------------------------------


4 constraints not met.


