Release 13.3 - xst O.76xd (lin64)
Copyright (c) 1995-2011 Xilinx, Inc.  All rights reserved.
--> 
Parameter TMPDIR set to xst/projnav.tmp


Total REAL time to Xst completion: 0.00 secs
Total CPU time to Xst completion: 0.03 secs
 
--> 
Parameter xsthdpdir set to xst


Total REAL time to Xst completion: 0.00 secs
Total CPU time to Xst completion: 0.03 secs
 
--> 
Reading design: paoma.prj

TABLE OF CONTENTS
  1) Synthesis Options Summary
  2) HDL Parsing
  3) HDL Elaboration
  4) HDL Synthesis
       4.1) HDL Synthesis Report
  5) Advanced HDL Synthesis
       5.1) Advanced HDL Synthesis Report
  6) Low Level Synthesis
  7) Partition Report
  8) Design Summary
       8.1) Primitive and Black Box Usage
       8.2) Device utilization summary
       8.3) Partition Resource Summary
       8.4) Timing Report
            8.4.1) Clock Information
            8.4.2) Asynchronous Control Signals Information
            8.4.3) Timing Summary
            8.4.4) Timing Details
            8.4.5) Cross Clock Domains Report


=========================================================================
*                      Synthesis Options Summary                        *
=========================================================================
---- Source Parameters
Input File Name                    : "paoma.prj"
Ignore Synthesis Constraint File   : NO

---- Target Parameters
Output File Name                   : "paoma"
Output Format                      : NGC
Target Device                      : xc6slx45-3-csg324

---- Source Options
Top Module Name                    : paoma
Automatic FSM Extraction           : YES
FSM Encoding Algorithm             : Auto
Safe Implementation                : No
FSM Style                          : LUT
RAM Extraction                     : Yes
RAM Style                          : Auto
ROM Extraction                     : Yes
Shift Register Extraction          : YES
ROM Style                          : Auto
Resource Sharing                   : YES
Asynchronous To Synchronous        : NO
Shift Register Minimum Size        : 2
Use DSP Block                      : Auto
Automatic Register Balancing       : No

---- Target Options
LUT Combining                      : Auto
Reduce Control Sets                : Auto
Add IO Buffers                     : YES
Global Maximum Fanout              : 100000
Add Generic Clock Buffer(BUFG)     : 16
Register Duplication               : YES
Optimize Instantiated Primitives   : NO
Use Clock Enable                   : Auto
Use Synchronous Set                : Auto
Use Synchronous Reset              : Auto
Pack IO Registers into IOBs        : Auto
Equivalent register Removal        : YES

---- General Options
Optimization Goal                  : Speed
Optimization Effort                : 1
Power Reduction                    : NO
Keep Hierarchy                     : No
Netlist Hierarchy                  : As_Optimized
RTL Output                         : Yes
Global Optimization                : AllClockNets
Read Cores                         : YES
Write Timing Constraints           : NO
Cross Clock Analysis               : NO
Hierarchy Separator                : /
Bus Delimiter                      : <>
Case Specifier                     : Maintain
Slice Utilization Ratio            : 100
BRAM Utilization Ratio             : 100
DSP48 Utilization Ratio            : 100
Auto BRAM Packing                  : NO
Slice Utilization Ratio Delta      : 5

=========================================================================


=========================================================================
*                          HDL Parsing                                  *
=========================================================================
Analyzing Verilog file "/home/derek/iseproject/paoma/paoma.v" into library work
Parsing module <paoma>.

=========================================================================
*                            HDL Elaboration                            *
=========================================================================

Elaborating module <paoma>.
WARNING:HDLCompiler:413 - "/home/derek/iseproject/paoma/paoma.v" Line 35: Result of 27-bit expression is truncated to fit in 26-bit target.

=========================================================================
*                           HDL Synthesis                               *
=========================================================================

Synthesizing Unit <paoma>.
    Related source file is "/home/derek/iseproject/paoma/paoma.v".
    Found 26-bit register for signal <cnt>.
    Found 10-bit register for signal <outdata>.
    Found 1-bit register for signal <clk1s>.
    Found 26-bit adder for signal <cnt[25]_GND_1_o_add_2_OUT> created at line 35.
    Summary:
	inferred   1 Adder/Subtractor(s).
	inferred  37 D-type flip-flop(s).
Unit <paoma> synthesized.

=========================================================================
HDL Synthesis Report

Macro Statistics
# Adders/Subtractors                                   : 1
 26-bit adder                                          : 1
# Registers                                            : 3
 1-bit register                                        : 1
 10-bit register                                       : 1
 26-bit register                                       : 1

=========================================================================

=========================================================================
*                       Advanced HDL Synthesis                          *
=========================================================================


Synthesizing (advanced) Unit <paoma>.
The following registers are absorbed into counter <cnt>: 1 register on signal <cnt>.
Unit <paoma> synthesized (advanced).

=========================================================================
Advanced HDL Synthesis Report

Macro Statistics
# Counters                                             : 1
 26-bit up counter                                     : 1
# Registers                                            : 11
 Flip-Flops                                            : 11

=========================================================================

=========================================================================
*                         Low Level Synthesis                           *
=========================================================================

Optimizing unit <paoma> ...

Mapping all equations...
Building and optimizing final netlist ...
Found area constraint ratio of 100 (+ 5) on block paoma, actual ratio is 0.

Final Macro Processing ...

=========================================================================
Final Register Report

Macro Statistics
# Registers                                            : 37
 Flip-Flops                                            : 37

=========================================================================

=========================================================================
*                           Partition Report                            *
=========================================================================

Partition Implementation Status
-------------------------------

  No Partitions were found in this design.

-------------------------------

=========================================================================
*                            Design Summary                             *
=========================================================================

Top Level Output File Name         : paoma.ngc

Primitive and Black Box Usage:
------------------------------
# BELS                             : 101
#      GND                         : 1
#      INV                         : 1
#      LUT1                        : 25
#      LUT2                        : 1
#      LUT3                        : 3
#      LUT4                        : 4
#      LUT5                        : 1
#      LUT6                        : 13
#      MUXCY                       : 25
#      VCC                         : 1
#      XORCY                       : 26
# FlipFlops/Latches                : 37
#      FD                          : 37
# Clock Buffers                    : 1
#      BUFGP                       : 1
# IO Buffers                       : 14
#      OBUF                        : 14

Device utilization summary:
---------------------------

Selected Device : 6slx45csg324-3 


Slice Logic Utilization: 
 Number of Slice Registers:              37  out of  54576     0%  
 Number of Slice LUTs:                   48  out of  27288     0%  
    Number used as Logic:                48  out of  27288     0%  

Slice Logic Distribution: 
 Number of LUT Flip Flop pairs used:     54
   Number with an unused Flip Flop:      17  out of     54    31%  
   Number with an unused LUT:             6  out of     54    11%  
   Number of fully used LUT-FF pairs:    31  out of     54    57%  
   Number of unique control sets:         2

IO Utilization: 
 Number of IOs:                          15
 Number of bonded IOBs:                  15  out of    218     6%  

Specific Feature Utilization:
 Number of BUFG/BUFGCTRLs:                1  out of     16     6%  

---------------------------
Partition Resource Summary:
---------------------------

  No Partitions were found in this design.

---------------------------


=========================================================================
Timing Report

NOTE: THESE TIMING NUMBERS ARE ONLY A SYNTHESIS ESTIMATE.
      FOR ACCURATE TIMING INFORMATION PLEASE REFER TO THE TRACE REPORT
      GENERATED AFTER PLACE-and-ROUTE.

Clock Information:
------------------
-----------------------------------+------------------------+-------+
Clock Signal                       | Clock buffer(FF name)  | Load  |
-----------------------------------+------------------------+-------+
clk                                | BUFGP                  | 27    |
clk1s                              | NONE(outdata_0)        | 10    |
-----------------------------------+------------------------+-------+
INFO:Xst:2169 - HDL ADVISOR - Some clock signals were not automatically buffered by XST with BUFG/BUFR resources. Please use the buffer_type constraint in order to insert these buffers to the clock signals to help prevent skew problems.

Asynchronous Control Signals Information:
----------------------------------------
No asynchronous control signals found in this design

Timing Summary:
---------------
Speed Grade: -3

   Minimum period: 2.763ns (Maximum Frequency: 361.912MHz)
   Minimum input arrival time before clock: No path found
   Maximum output required time after clock: 7.120ns
   Maximum combinational path delay: No path found

Timing Details:
---------------
All values displayed in nanoseconds (ns)

=========================================================================
Timing constraint: Default period analysis for Clock 'clk'
  Clock period: 2.763ns (frequency: 361.912MHz)
  Total number of paths / destination ports: 378 / 27
-------------------------------------------------------------------------
Delay:               2.763ns (Levels of Logic = 2)
  Source:            cnt_1 (FF)
  Destination:       clk1s (FF)
  Source Clock:      clk rising
  Destination Clock: clk rising

  Data Path: cnt_1 to clk1s
                                Gate     Net
    Cell:in->out      fanout   Delay   Delay  Logical Name (Net Name)
    ----------------------------------------  ------------
     FD:C->Q               2   0.447   0.981  cnt_1 (cnt_1)
     LUT6:I0->O            1   0.203   0.827  GND_1_o_GND_1_o_equal_2_o<25>1 (GND_1_o_GND_1_o_equal_2_o<25>)
     LUT6:I2->O            1   0.203   0.000  clk1s_rstpot (clk1s_rstpot)
     FD:D                      0.102          clk1s
    ----------------------------------------
    Total                      2.763ns (0.955ns logic, 1.808ns route)
                                       (34.6% logic, 65.4% route)

=========================================================================
Timing constraint: Default period analysis for Clock 'clk1s'
  Clock period: 2.700ns (frequency: 370.329MHz)
  Total number of paths / destination ports: 18 / 10
-------------------------------------------------------------------------
Delay:               2.700ns (Levels of Logic = 2)
  Source:            outdata_4 (FF)
  Destination:       outdata_0 (FF)
  Source Clock:      clk1s rising
  Destination Clock: clk1s rising

  Data Path: outdata_4 to outdata_0
                                Gate     Net
    Cell:in->out      fanout   Delay   Delay  Logical Name (Net Name)
    ----------------------------------------  ------------
     FD:C->Q               9   0.447   1.058  outdata_4 (outdata_4)
     LUT4:I1->O            4   0.205   0.684  GND_1_o_outdata[9]_OR_41_o41 (GND_1_o_outdata[9]_OR_41_o_bdd4)
     LUT6:I5->O            1   0.205   0.000  GND_1_o_outdata[9]_OR_41_o11 (outdata_0_rstpot)
     FD:D                      0.102          outdata_0
    ----------------------------------------
    Total                      2.700ns (0.959ns logic, 1.741ns route)
                                       (35.5% logic, 64.5% route)

=========================================================================
Timing constraint: Default OFFSET OUT AFTER for Clock 'clk1s'
  Total number of paths / destination ports: 94 / 14
-------------------------------------------------------------------------
Offset:              7.120ns (Levels of Logic = 4)
  Source:            outdata_4 (FF)
  Destination:       led<1> (PAD)
  Source Clock:      clk1s rising

  Data Path: outdata_4 to led<1>
                                Gate     Net
    Cell:in->out      fanout   Delay   Delay  Logical Name (Net Name)
    ----------------------------------------  ------------
     FD:C->Q               9   0.447   1.058  outdata_4 (outdata_4)
     LUT4:I1->O            4   0.205   0.931  GND_1_o_outdata[9]_OR_41_o41 (GND_1_o_outdata[9]_OR_41_o_bdd4)
     LUT4:I0->O            1   0.203   0.924  led<1>15_SW0 (N10)
     LUT6:I1->O            1   0.203   0.579  led<1>15 (led_1_OBUF)
     OBUF:I->O                 2.571          led_1_OBUF (led<1>)
    ----------------------------------------
    Total                      7.120ns (3.629ns logic, 3.491ns route)
                                       (51.0% logic, 49.0% route)

=========================================================================

Cross Clock Domains Report:
--------------------------

Clock to Setup on destination clock clk
---------------+---------+---------+---------+---------+
               | Src:Rise| Src:Fall| Src:Rise| Src:Fall|
Source Clock   |Dest:Rise|Dest:Rise|Dest:Fall|Dest:Fall|
---------------+---------+---------+---------+---------+
clk            |    2.763|         |         |         |
---------------+---------+---------+---------+---------+

Clock to Setup on destination clock clk1s
---------------+---------+---------+---------+---------+
               | Src:Rise| Src:Fall| Src:Rise| Src:Fall|
Source Clock   |Dest:Rise|Dest:Rise|Dest:Fall|Dest:Fall|
---------------+---------+---------+---------+---------+
clk1s          |    2.700|         |         |         |
---------------+---------+---------+---------+---------+

=========================================================================


Total REAL time to Xst completion: 6.00 secs
Total CPU time to Xst completion: 6.10 secs
 
--> 


Total memory usage is 381724 kilobytes

Number of errors   :    0 (   0 filtered)
Number of warnings :    1 (   0 filtered)
Number of infos    :    1 (   0 filtered)

