Asterisk (*) preceding a constraint indicates it was not met.
   This may be due to a setup or hold violation.

------------------------------------------------------------------------------------------------------
  Constraint                                |  Check  | Worst Case |  Best Case | Timing |   Timing   
                                            |         |    Slack   | Achievable | Errors |    Score   
------------------------------------------------------------------------------------------------------
* COMP "PCI_STOPn" OFFSET = OUT 11 ns AFTER | MAXDELAY|    -1.792ns|    12.792ns|       1|        1792
   COMP "PCI_CLK"                           |         |            |            |        |            
------------------------------------------------------------------------------------------------------
* COMP "PCI_TRDYn" OFFSET = OUT 11 ns AFTER | MAXDELAY|    -1.688ns|    12.688ns|       1|        1688
   COMP "PCI_CLK"                           |         |            |            |        |            
------------------------------------------------------------------------------------------------------
* COMP "PCI_DEVSELn" OFFSET = OUT 11 ns AFT | MAXDELAY|    -1.313ns|    12.313ns|       1|        1313
  ER COMP "PCI_CLK"                         |         |            |            |        |            
------------------------------------------------------------------------------------------------------
* TIMEGRP "PCI_AD_GRP" OFFSET = IN 7 ns BEF | SETUP   |    -1.121ns|     8.121ns|       4|        1579
  ORE COMP "PCI_CLK"                        |         |            |            |        |            
------------------------------------------------------------------------------------------------------
  COMP "PCI_IDSEL" OFFSET = IN 7 ns BEFORE  | SETUP   |     0.391ns|     6.609ns|       0|           0
  COMP "PCI_CLK"                            |         |            |            |        |            
------------------------------------------------------------------------------------------------------
  TIMEGRP "PCI_CBE_GRP" OFFSET = IN 7 ns BE | SETUP   |     0.581ns|     6.419ns|       0|           0
  FORE COMP "PCI_CLK"                       |         |            |            |        |            
------------------------------------------------------------------------------------------------------
  COMP "PCI_IRDYn" OFFSET = IN 7 ns BEFORE  | SETUP   |     1.060ns|     5.940ns|       0|           0
  COMP "PCI_CLK"                            |         |            |            |        |            
------------------------------------------------------------------------------------------------------
  COMP "PCI_FRAMEn" OFFSET = IN 7 ns BEFORE | SETUP   |     1.627ns|     5.373ns|       0|           0
   COMP "PCI_CLK"                           |         |            |            |        |            
------------------------------------------------------------------------------------------------------
  TS_PCI_CLK = PERIOD TIMEGRP "PCI_CLK" 30  | SETUP   |    19.603ns|    10.397ns|       0|           0
  ns HIGH 50%                               | HOLD    |     2.249ns|            |       0|           0
------------------------------------------------------------------------------------------------------
  TIMEGRP "PCI_AD_GRP" OFFSET = OUT 41 ns A | MAXDELAY|    20.759ns|    20.241ns|       0|           0
  FTER COMP "PCI_CLK"                       |         |            |            |        |            
------------------------------------------------------------------------------------------------------


4 constraints not met.


